../Drivers/API/Src/API_GPIO.c:25:6:writeLedOn_GPIO	16	static
../Drivers/API/Src/API_GPIO.c:32:6:writeLedOff_GPIO	16	static
../Drivers/API/Src/API_GPIO.c:39:6:toggleLed_GPIO	16	static
../Drivers/API/Src/API_GPIO.c:46:9:getLedCount	4	static
../Drivers/API/Src/API_GPIO.c:53:7:getLedByIndex	16	static
../Drivers/API/Src/API_GPIO.c:60:6:debounceInit_GPIO	8	static
../Drivers/API/Src/API_GPIO.c:70:6:debounceUpdate_GPIO	24	static
../Drivers/API/Src/API_GPIO.c:101:16:readButtonState_GPIO	4	static
../Drivers/API/Src/API_GPIO.c:109:8:readKey_GPIO	4	static
../Drivers/API/Src/API_GPIO.c:120:6:MX_GPIO_Init	56	static
